  Файл: /home/user1
  Размер: 4096      	Блоков: 8          Блок В/В: 4096   каталог
Устройство: 8/4	Инода: 786973      Ссылки: 3
Доступ: (0700/drwx------)  Uid: ( 1234/   user1)   Gid: ( 1234/   user1)
Контекст: unconfined_u:object_r:user_home_dir_t:s0
Доступ:        2026-09-13 21:21:19.095664810 +0300
Модифицирован: 2026-09-13 22:26:05.197425576 +0300
Изменён:       2026-09-13 22:26:05.197425576 +0300
Создан:        2026-09-13 21:15:04.306301003 +0300
  Файл: /home/user1/mycat
  Размер: 36568     	Блоков: 72         Блок В/В: 4096   обычный файл
Устройство: 8/4	Инода: 786983      Ссылки: 1
Доступ: (4755/-rwsr-xr-x)  Uid: (    0/    root)   Gid: (    0/    root)
Контекст: unconfined_u:object_r:user_home_t:s0
Доступ:        2026-09-13 22:04:29.140940111 +0300
Модифицирован: 2026-09-13 22:02:26.029513777 +0300
Изменён:       2026-09-13 22:03:06.229652990 +0300
Создан:        2026-09-13 22:02:26.029513777 +0300
  Файл: /home/user1/mychown
  Размер: 65840     	Блоков: 144        Блок В/В: 4096   обычный файл
Устройство: 8/4	Инода: 786985      Ссылки: 1
Доступ: (0755/-rwxr-xr-x)  Uid: (    0/    root)   Gid: (    0/    root)
Контекст: unconfined_u:object_r:user_home_t:s0
Доступ:        2026-09-13 22:27:10.960649704 +0300
Модифицирован: 2026-09-13 22:26:05.197425576 +0300
Изменён:       2026-09-13 22:26:27.818503149 +0300
Создан:        2026-09-13 22:26:05.197425576 +0300
